2026-05-09T07:45:32Z INFO  payment-service     Deployment payment-service:v2.4.1 started by CI pipeline
2026-05-09T07:45:45Z INFO  payment-service     Container started, memory limit: 512Mi
2026-05-09T07:46:02Z WARN  payment-service     Memory usage at 89% (456Mi/512Mi)
2026-05-09T07:46:15Z WARN  payment-service     Memory usage at 97% (497Mi/512Mi)
2026-05-09T07:46:23Z ERROR payment-service     OOMKilled: container exceeded memory limit of 512Mi
2026-05-09T07:46:24Z ERROR payment-service     Pod payment-service-7d9f8b-xk2p9 terminated: OOMKilled
2026-05-09T07:46:25Z WARN  kubelet             Pod payment-service-7d9f8b-xk2p9 restarting (CrashLoopBackOff)
2026-05-09T07:46:30Z ERROR payment-service     OOMKilled: container exceeded memory limit of 512Mi
2026-05-09T07:46:31Z ERROR payment-service     Pod payment-service-7d9f8b-xk2p9 terminated: OOMKilled
2026-05-09T07:46:35Z WARN  kubelet             CrashLoopBackOff: back-off 30s restarting failed container
2026-05-09T07:46:40Z ERROR payment-service     OOMKilled: container exceeded memory limit of 512Mi
2026-05-09T07:46:41Z ERROR payment-service     Pod payment-service-7d9f8b-xk2p9 terminated: OOMKilled (restart #3)
2026-05-09T07:47:00Z INFO  prometheus          Alert FIRING: PodCrashLoopBackOff{service="payment-service", env="prod"}
2026-05-09T07:47:12Z ERROR order-service       Failed to acquire DB connection from pool: timeout after 5000ms
2026-05-09T07:47:12Z ERROR order-service       PostgreSQL connection pool exhausted (max=20, active=20, waiting=47)
2026-05-09T07:47:13Z ERROR order-service       Failed to acquire DB connection from pool: timeout after 5000ms
2026-05-09T07:47:14Z WARN  order-service       Retrying database connection (attempt 1/3)
2026-05-09T07:47:15Z ERROR order-service       Failed to acquire DB connection from pool: timeout after 5000ms
2026-05-09T07:47:16Z WARN  order-service       Retrying database connection (attempt 2/3)
2026-05-09T07:47:17Z ERROR order-service       Failed to acquire DB connection from pool: timeout after 5000ms
2026-05-09T07:47:18Z ERROR order-service       Max retries exceeded. Order creation failed for user_id=38291
2026-05-09T07:47:19Z ERROR order-service       Max retries exceeded. Order creation failed for user_id=29183
2026-05-09T07:47:20Z ERROR order-service       Max retries exceeded. Order creation failed for user_id=19283
2026-05-09T07:47:21Z ERROR order-service       Max retries exceeded. Order creation failed for user_id=84729
2026-05-09T07:47:22Z WARN  api-gateway         Upstream order-service returning 500: opening circuit breaker
2026-05-09T07:47:30Z INFO  order-service       Attempting to release idle connections from pool
2026-05-09T07:47:35Z ERROR order-service       Failed to acquire DB connection from pool: timeout after 5000ms
2026-05-09T07:47:36Z INFO  prometheus          Alert FIRING: DBConnectionPoolExhausted{service="order-service", env="prod"}
2026-05-09T07:48:01Z INFO  notification-service Deployment notification-service:v1.2.3 started
2026-05-09T07:48:05Z ERROR notification-service Failed to pull image: registry.prod.internal/notification-service:v1.2.3
2026-05-09T07:48:05Z ERROR notification-service ErrImagePull: rpc error: code=Unknown desc=failed to pull and unpack image: not found
2026-05-09T07:48:10Z WARN  kubelet             Back-off pulling image "registry.prod.internal/notification-service:v1.2.3"
2026-05-09T07:48:10Z ERROR notification-service ImagePullBackOff: waiting to retry image pull
2026-05-09T07:48:30Z ERROR notification-service Failed to pull image: registry.prod.internal/notification-service:v1.2.3
2026-05-09T07:48:30Z ERROR notification-service ErrImagePull: rpc error: code=Unknown desc=failed to pull and unpack image: not found
2026-05-09T07:48:35Z WARN  kubelet             Back-off pulling image "registry.prod.internal/notification-service:v1.2.3"
2026-05-09T07:48:50Z ERROR notification-service ImagePullBackOff: max retries exceeded, pod stuck in Pending
2026-05-09T07:49:01Z INFO  prometheus          Alert FIRING: ImagePullBackOff{service="notification-service", env="prod"}
2026-05-09T07:49:10Z INFO  alertmanager        Routing 3 alerts to #incidents channel
2026-05-09T07:49:10Z INFO  pagerduty           Paging on-call engineer: 3 simultaneous prod alerts
